==========================================================
Starting job 57068 on node01 at Mon Aug 17 09:16:47 AM EDT 2026
==========================================================
Loading apptainer/1.4.1-gcc-13.3.0-nmn2ykt
  Loading requirement: glibc/2.35-gcc-14.2.0-4zx7bpo
    python/3.11.9-gcc-11.4.0-oegc4h2 libseccomp/2.5.4-gcc-13.3.0-st6l5eo
    conmon/2.1.12-gcc-13.3.0-p3lnvnx libfuse/3.16.2-gcc-13.3.0-oom4vwk
    e2fsprogs/1.47.1-gcc-13.3.0-xfeunp6 fuse-overlayfs/1.13-gcc-13.3.0-usyewj5
    go/1.23.2-gcc-13.3.0-47np2us gocryptfs/2.4.0-gcc-13.3.0-bohzxq3
    libgpg-error/1.50-gcc-13.3.0-2kviidc squashfs/4.6.1-gcc-13.3.0-4l6a7u5
    lzo/2.10-gcc-13.3.0-wrwkhds squashfuse/0.5.2-gcc-13.3.0-ezr54kz

Initializing autoencoder...
[Autoencoder] - Latent Dim: 32
Using CPU for everything.

[STEP 0] Encoding and caching all dataset features...
[INFO] (/home1/adoyle2025/Datasets/Datasets/Curvelanes/train) → [0:50] (50 samples)
/home1/adoyle2025/Datasets/Datasets/Curvelanes/train features loaded. Shape = (50, 32)

Preloading Calibration Sets:   0%|          | 0/2 [00:00<?, ?it/s]Preloading Calibration Sets:  50%|█████     | 1/2 [00:00<00:00,  3.21it/s]Preloading Calibration Sets: 100%|██████████| 2/2 [00:00<00:00,  3.79it/s]Preloading Calibration Sets: 100%|██████████| 2/2 [00:00<00:00,  3.69it/s]
-> Sanity Check features loaded.
Preloading Target Sets:   0%|          | 0/2 [00:00<?, ?it/s]Preloading Target Sets:  50%|█████     | 1/2 [00:00<00:00,  3.66it/s]Preloading Target Sets: 100%|██████████| 2/2 [00:00<00:00,  4.62it/s]Preloading Target Sets: 100%|██████████| 2/2 [00:00<00:00,  4.44it/s]

[STEP 1] Calibration using /home1/adoyle2025/Datasets/Datasets/Curvelanes/train (Sequential JAX)...
Calculating Calibration:   0%|          | 0/2 [00:00<?, ?it/s]Calculating Calibration:  50%|█████     | 1/2 [00:01<00:01,  1.84s/it]Calculating Calibration: 100%|██████████| 2/2 [00:01<00:00,  1.07it/s]
  [MMD] τ(0.95) = 0.004558
  [MMD_Agg] τ(0.95) = 0.004558
  [Energy] τ(0.95) = 0.053509
  [BKS] τ(0.95) = 0.338000

[STEP 2] Sanity Check...
[SANITY CHECK] MMD(A=/home1/adoyle2025/Datasets/Datasets/Curvelanes/train, B=/home1/adoyle2025/Datasets/Datasets/Curvelanes/train) = 0.000682, τ = 0.004558
No shift detected for MMD.
[SANITY CHECK] MMD_Agg(A=/home1/adoyle2025/Datasets/Datasets/Curvelanes/train, B=/home1/adoyle2025/Datasets/Datasets/Curvelanes/train) = 0.000682, τ = 0.004558
No shift detected for MMD_Agg.
[SANITY CHECK] Energy(A=/home1/adoyle2025/Datasets/Datasets/Curvelanes/train, B=/home1/adoyle2025/Datasets/Datasets/Curvelanes/train) = 0.046058, τ = 0.053509
No shift detected for Energy.
[SANITY CHECK] BKS(A=/home1/adoyle2025/Datasets/Datasets/Curvelanes/train, B=/home1/adoyle2025/Datasets/Datasets/Curvelanes/train) = 0.260000, τ = 0.338000
No shift detected for BKS.

[STEP 3] Data Shift Test: /home1/adoyle2025/Datasets/Datasets/Curvelanes/train to /home1/adoyle2025/Datasets/Datasets/Curvelanes/valid

Calculating Shifts:   0%|          | 0/2 [00:00<?, ?it/s]Calculating Shifts: 100%|██████████| 2/2 [00:00<00:00, 44.17it/s]

[RESULTS] Data Shift detection summary:
--- MMD ---
  Average Stat: 0.002761 ± 0.001829
  TPR (true positive rate) over 2 runs: 50.00%
--- MMD_Agg ---
  Average Stat: 0.002761 ± 0.001829
  TPR (true positive rate) over 2 runs: 50.00%
--- Energy ---
  Average Stat: 0.049110 ± 0.001421
  TPR (true positive rate) over 2 runs: 0.00%
--- BKS ---
  Average Stat: 0.270000 ± 0.010000
  TPR (true positive rate) over 2 runs: 0.00%
[Data Logger] Added new experiment. Total experiments: 1
==========================================================
Job finished successfully at Mon Aug 17 09:17:45 AM EDT 2026
==========================================================
